[INFO] Scanning for projects...
[INFO] 
[INFO] -----------------------< com.pharmamap:backend >------------------------
[INFO] Building PharmaMap Backend 0.0.1-SNAPSHOT
[INFO]   from pom.xml
[INFO] --------------------------------[ jar ]---------------------------------
[INFO] 
[INFO] --- resources:3.3.1:resources (default-resources) @ backend ---
[INFO] Copying 1 resource from src\main\resources to target\classes
[INFO] Copying 0 resource from src\main\resources to target\classes
[INFO] 
[INFO] --- compiler:3.11.0:compile (default-compile) @ backend ---
[INFO] Changes detected - recompiling the module! :source
[INFO] Compiling 40 source files with javac [debug release 21] to target\classes
[INFO] Annotation processing is enabled because one or more processors were found
  on the class path. A future release of javac may disable annotation processing
  unless at least one processor is specified by name (-processor), or a search
  path is specified (--processor-path, --processor-module-path), or annotation
  processing is enabled explicitly (-proc:only, -proc:full).
  Use -Xlint:-options to suppress this message.
  Use -proc:none to disable annotation processing.
[INFO] -------------------------------------------------------------
[ERROR] COMPILATION ERROR : 
[INFO] -------------------------------------------------------------
[ERROR] /D:/Projects/Web/PharmaMap/backend/src/main/java/com/pharmamap/backend/controller/AdminController.java:[33,45] method success in class com.pharmamap.backend.dto.ApiResponse<T> cannot be applied to given types;
  required: T
  found:    java.util.List<com.pharmamap.backend.dto.PharmacyDTO>,java.lang.String
  reason: cannot infer type-variable(s) T
    (actual and formal argument lists differ in length)
[ERROR] /D:/Projects/Web/PharmaMap/backend/src/main/java/com/pharmamap/backend/controller/AdminController.java:[43,49] method success in class com.pharmamap.backend.dto.ApiResponse<T> cannot be applied to given types;
  required: T
  found:    com.pharmamap.backend.entity.Pharmacy,java.lang.String
  reason: cannot infer type-variable(s) T
    (actual and formal argument lists differ in length)
[ERROR] /D:/Projects/Web/PharmaMap/backend/src/main/java/com/pharmamap/backend/controller/AdminController.java:[57,49] method success in class com.pharmamap.backend.dto.ApiResponse<T> cannot be applied to given types;
  required: T
  found:    com.pharmamap.backend.entity.Pharmacy,java.lang.String
  reason: cannot infer type-variable(s) T
    (actual and formal argument lists differ in length)
[ERROR] /D:/Projects/Web/PharmaMap/backend/src/main/java/com/pharmamap/backend/controller/AdminController.java:[69,45] method success in class com.pharmamap.backend.dto.ApiResponse<T> cannot be applied to given types;
  required: T
  found:    java.util.Map<java.lang.String,java.lang.Long>,java.lang.String
  reason: cannot infer type-variable(s) T
    (actual and formal argument lists differ in length)
[INFO] 4 errors 
[INFO] -------------------------------------------------------------
[INFO] ------------------------------------------------------------------------
[INFO] BUILD FAILURE
[INFO] ------------------------------------------------------------------------
[INFO] Total time:  4.321 s
[INFO] Finished at: 2026-03-14T22:25:02+05:30
[INFO] ------------------------------------------------------------------------
[ERROR] Failed to execute goal org.apache.maven.plugins:maven-compiler-plugin:3.11.0:compile (default-compile) on project backend: Compilation failure: Compilation failure: 
[ERROR] /D:/Projects/Web/PharmaMap/backend/src/main/java/com/pharmamap/backend/controller/AdminController.java:[33,45] method success in class com.pharmamap.backend.dto.ApiResponse<T> cannot be applied to given types;
[ERROR]   required: T
[ERROR]   found:    java.util.List<com.pharmamap.backend.dto.PharmacyDTO>,java.lang.String
[ERROR]   reason: cannot infer type-variable(s) T
[ERROR]     (actual and formal argument lists differ in length)
[ERROR] /D:/Projects/Web/PharmaMap/backend/src/main/java/com/pharmamap/backend/controller/AdminController.java:[43,49] method success in class com.pharmamap.backend.dto.ApiResponse<T> cannot be applied to given types;
[ERROR]   required: T
[ERROR]   found:    com.pharmamap.backend.entity.Pharmacy,java.lang.String
[ERROR]   reason: cannot infer type-variable(s) T
[ERROR]     (actual and formal argument lists differ in length)
[ERROR] /D:/Projects/Web/PharmaMap/backend/src/main/java/com/pharmamap/backend/controller/AdminController.java:[57,49] method success in class com.pharmamap.backend.dto.ApiResponse<T> cannot be applied to given types;
[ERROR]   required: T
[ERROR]   found:    com.pharmamap.backend.entity.Pharmacy,java.lang.String
[ERROR]   reason: cannot infer type-variable(s) T
[ERROR]     (actual and formal argument lists differ in length)
[ERROR] /D:/Projects/Web/PharmaMap/backend/src/main/java/com/pharmamap/backend/controller/AdminController.java:[69,45] method success in class com.pharmamap.backend.dto.ApiResponse<T> cannot be applied to given types;
[ERROR]   required: T
[ERROR]   found:    java.util.Map<java.lang.String,java.lang.Long>,java.lang.String
[ERROR]   reason: cannot infer type-variable(s) T
[ERROR]     (actual and formal argument lists differ in length)
[ERROR] -> [Help 1]
[ERROR] 
[ERROR] To see the full stack trace of the errors, re-run Maven with the -e switch.
[ERROR] Re-run Maven using the -X switch to enable full debug logging.
[ERROR] 
[ERROR] For more information about the errors and possible solutions, please read the following articles:
[ERROR] [Help 1] http://cwiki.apache.org/confluence/display/MAVEN/MojoFailureException
