[INFO] Scanning for projects...
[INFO] 
[INFO] -----------------------< com.pharmamap:backend >------------------------
[INFO] Building PharmaMap Backend 0.0.1-SNAPSHOT
[INFO]   from pom.xml
[INFO] --------------------------------[ jar ]---------------------------------
[INFO] 
[INFO] --- resources:3.3.1:resources (default-resources) @ backend ---
[INFO] Copying 1 resource from src\main\resources to target\classes
[INFO] Copying 0 resource from src\main\resources to target\classes
[INFO] 
[INFO] --- compiler:3.11.0:compile (default-compile) @ backend ---
[INFO] Nothing to compile - all classes are up to date
[INFO] 
[INFO] --- resources:3.3.1:testResources (default-testResources) @ backend ---
[INFO] skip non existing resourceDirectory D:\Projects\Web\PharmaMap\backend\src\test\resources
[INFO] 
[INFO] --- compiler:3.11.0:testCompile (default-testCompile) @ backend ---
[INFO] Changes detected - recompiling the module! :source
[INFO] Compiling 3 source files with javac [debug release 21] to target\test-classes
[INFO] Annotation processing is enabled because one or more processors were found
  on the class path. A future release of javac may disable annotation processing
  unless at least one processor is specified by name (-processor), or a search
  path is specified (--processor-path, --processor-module-path), or annotation
  processing is enabled explicitly (-proc:only, -proc:full).
  Use -Xlint:-options to suppress this message.
  Use -proc:none to disable annotation processing.
[INFO] -------------------------------------------------------------
[ERROR] COMPILATION ERROR : 
[INFO] -------------------------------------------------------------
[ERROR] /D:/Projects/Web/PharmaMap/backend/src/test/java/com/pharmamap/backend/integration/InventoryIntegrationTest.java:[82,55] cannot find symbol
  symbol:   method builder()
  location: class com.pharmamap.backend.dto.InventoryRequest
[ERROR] /D:/Projects/Web/PharmaMap/backend/src/test/java/com/pharmamap/backend/integration/InventoryIntegrationTest.java:[109,55] cannot find symbol
  symbol:   method builder()
  location: class com.pharmamap.backend.dto.InventoryRequest
[ERROR] /D:/Projects/Web/PharmaMap/backend/src/test/java/com/pharmamap/backend/integration/InventoryIntegrationTest.java:[127,58] cannot find symbol
  symbol:   method builder()
  location: class com.pharmamap.backend.dto.InventoryRequest
[INFO] 3 errors 
[INFO] -------------------------------------------------------------
[INFO] ------------------------------------------------------------------------
[INFO] BUILD FAILURE
[INFO] ------------------------------------------------------------------------
[INFO] Total time:  2.563 s
[INFO] Finished at: 2026-03-11T03:35:00+05:30
[INFO] ------------------------------------------------------------------------
[ERROR] Failed to execute goal org.apache.maven.plugins:maven-compiler-plugin:3.11.0:testCompile (default-testCompile) on project backend: Compilation failure: Compilation failure: 
[ERROR] /D:/Projects/Web/PharmaMap/backend/src/test/java/com/pharmamap/backend/integration/InventoryIntegrationTest.java:[82,55] cannot find symbol
[ERROR]   symbol:   method builder()
[ERROR]   location: class com.pharmamap.backend.dto.InventoryRequest
[ERROR] /D:/Projects/Web/PharmaMap/backend/src/test/java/com/pharmamap/backend/integration/InventoryIntegrationTest.java:[109,55] cannot find symbol
[ERROR]   symbol:   method builder()
[ERROR]   location: class com.pharmamap.backend.dto.InventoryRequest
[ERROR] /D:/Projects/Web/PharmaMap/backend/src/test/java/com/pharmamap/backend/integration/InventoryIntegrationTest.java:[127,58] cannot find symbol
[ERROR]   symbol:   method builder()
[ERROR]   location: class com.pharmamap.backend.dto.InventoryRequest
[ERROR] -> [Help 1]
[ERROR] 
[ERROR] To see the full stack trace of the errors, re-run Maven with the -e switch.
[ERROR] Re-run Maven using the -X switch to enable full debug logging.
[ERROR] 
[ERROR] For more information about the errors and possible solutions, please read the following articles:
[ERROR] [Help 1] http://cwiki.apache.org/confluence/display/MAVEN/MojoFailureException
